{
  "$schema": "http://json.schemastore.org/sarif-1.0.0",
  "version": "1.0.0",
  "runs": [
    {
      "tool": {
        "name": "Microsoft (R) Visual C# Compiler",
        "version": "4.14.0.0",
        "fileVersion": "4.14.0-3.26064.1 (450493a9)",
        "semanticVersion": "4.14.0",
        "language": "en-GB"
      },
      "results": [
        {
          "ruleId": "CS0618",
          "level": "warning",
          "message": "'__KnownINotifyPropertyChangingArgs' is obsolete: 'This type is not intended to be used directly by user code'",
          "suppressionStates": [
            "suppressedInSource"
          ],
          "locations": [
            {
              "resultFile": {
                "uri": "file:///D:/Asterisk%20Stuff/Apple%20Orchard%20Management%20Project/HimCart-Desktop/obj/Debug/net8.0-windows7.0/CommunityToolkit.Mvvm.SourceGenerators/CommunityToolkit.Mvvm.SourceGenerators.ObservablePropertyGenerator/HimCart_Desktop.ViewModels.ViewModelBase.g.cs",
                "region": {
                  "startLine": 21,
                  "startColumn": 40,
                  "endLine": 21,
                  "endColumn": 131
                }
              }
            }
          ],
          "properties": {
            "warningLevel": 2
          }
        },
        {
          "ruleId": "CS0618",
          "level": "warning",
          "message": "'__KnownINotifyPropertyChangingArgs.IsBusy' is obsolete: 'This field is not intended to be referenced directly by user code'",
          "suppressionStates": [
            "suppressedInSource"
          ],
          "locations": [
            {
              "resultFile": {
                "uri": "file:///D:/Asterisk%20Stuff/Apple%20Orchard%20Management%20Project/HimCart-Desktop/obj/Debug/net8.0-windows7.0/CommunityToolkit.Mvvm.SourceGenerators/CommunityToolkit.Mvvm.SourceGenerators.ObservablePropertyGenerator/HimCart_Desktop.ViewModels.ViewModelBase.g.cs",
                "region": {
                  "startLine": 21,
                  "startColumn": 40,
                  "endLine": 21,
                  "endColumn": 138
                }
              }
            }
          ],
          "properties": {
            "warningLevel": 2
          }
        },
        {
          "ruleId": "CS0618",
          "level": "warning",
          "message": "'__KnownINotifyPropertyChangedArgs' is obsolete: 'This type is not intended to be used directly by user code'",
          "suppressionStates": [
            "suppressedInSource"
          ],
          "locations": [
            {
              "resultFile": {
                "uri": "file:///D:/Asterisk%20Stuff/Apple%20Orchard%20Management%20Project/HimCart-Desktop/obj/Debug/net8.0-windows7.0/CommunityToolkit.Mvvm.SourceGenerators/CommunityToolkit.Mvvm.SourceGenerators.ObservablePropertyGenerator/HimCart_Desktop.ViewModels.ViewModelBase.g.cs",
                "region": {
                  "startLine": 25,
                  "startColumn": 39,
                  "endLine": 25,
                  "endColumn": 129
                }
              }
            }
          ],
          "properties": {
            "warningLevel": 2
          }
        },
        {
          "ruleId": "CS0618",
          "level": "warning",
          "message": "'__KnownINotifyPropertyChangedArgs.IsBusy' is obsolete: 'This field is not intended to be referenced directly by user code'",
          "suppressionStates": [
            "suppressedInSource"
          ],
          "locations": [
            {
              "resultFile": {
                "uri": "file:///D:/Asterisk%20Stuff/Apple%20Orchard%20Management%20Project/HimCart-Desktop/obj/Debug/net8.0-windows7.0/CommunityToolkit.Mvvm.SourceGenerators/CommunityToolkit.Mvvm.SourceGenerators.ObservablePropertyGenerator/HimCart_Desktop.ViewModels.ViewModelBase.g.cs",
                "region": {
                  "startLine": 25,
                  "startColumn": 39,
                  "endLine": 25,
                  "endColumn": 136
                }
              }
            }
          ],
          "properties": {
            "warningLevel": 2
          }
        },
        {
          "ruleId": "CS4014",
          "level": "warning",
          "message": "Because this call is not awaited, execution of the current method continues before the call is completed. Consider applying the 'await' operator to the result of the call.",
          "locations": [
            {
              "resultFile": {
                "uri": "file:///D:/Asterisk%20Stuff/Apple%20Orchard%20Management%20Project/HimCart-Desktop/Services/CloudSyncService.cs",
                "region": {
                  "startLine": 28,
                  "startColumn": 56,
                  "endLine": 28,
                  "endColumn": 75
                }
              }
            }
          ],
          "properties": {
            "warningLevel": 1
          }
        },
        {
          "ruleId": "CS0618",
          "level": "warning",
          "message": "'__KnownINotifyPropertyChangingArgs' is obsolete: 'This type is not intended to be used directly by user code'",
          "suppressionStates": [
            "suppressedInSource"
          ],
          "locations": [
            {
              "resultFile": {
                "uri": "file:///D:/Asterisk%20Stuff/Apple%20Orchard%20Management%20Project/HimCart-Desktop/obj/Debug/net8.0-windows7.0/CommunityToolkit.Mvvm.SourceGenerators/CommunityToolkit.Mvvm.SourceGenerators.ObservablePropertyGenerator/HimCart_Desktop.ViewModels.DashboardViewModel.g.cs",
                "region": {
                  "startLine": 22,
                  "startColumn": 40,
                  "endLine": 22,
                  "endColumn": 131
                }
              }
            }
          ],
          "properties": {
            "warningLevel": 2
          }
        },
        {
          "ruleId": "CS0618",
          "level": "warning",
          "message": "'__KnownINotifyPropertyChangingArgs.UserName' is obsolete: 'This field is not intended to be referenced directly by user code'",
          "suppressionStates": [
            "suppressedInSource"
          ],
          "locations": [
            {
              "resultFile": {
                "uri": "file:///D:/Asterisk%20Stuff/Apple%20Orchard%20Management%20Project/HimCart-Desktop/obj/Debug/net8.0-windows7.0/CommunityToolkit.Mvvm.SourceGenerators/CommunityToolkit.Mvvm.SourceGenerators.ObservablePropertyGenerator/HimCart_Desktop.ViewModels.DashboardViewModel.g.cs",
                "region": {
                  "startLine": 22,
                  "startColumn": 40,
                  "endLine": 22,
                  "endColumn": 140
                }
              }
            }
          ],
          "properties": {
            "warningLevel": 2
          }
        },
        {
          "ruleId": "CS0618",
          "level": "warning",
          "message": "'__KnownINotifyPropertyChangedArgs' is obsolete: 'This type is not intended to be used directly by user code'",
          "suppressionStates": [
            "suppressedInSource"
          ],
          "locations": [
            {
              "resultFile": {
                "uri": "file:///D:/Asterisk%20Stuff/Apple%20Orchard%20Management%20Project/HimCart-Desktop/obj/Debug/net8.0-windows7.0/CommunityToolkit.Mvvm.SourceGenerators/CommunityToolkit.Mvvm.SourceGenerators.ObservablePropertyGenerator/HimCart_Desktop.ViewModels.DashboardViewModel.g.cs",
                "region": {
                  "startLine": 26,
                  "startColumn": 39,
                  "endLine": 26,
                  "endColumn": 129
                }
              }
            }
          ],
          "properties": {
            "warningLevel": 2
          }
        },
        {
          "ruleId": "CS0618",
          "level": "warning",
          "message": "'__KnownINotifyPropertyChangedArgs.UserName' is obsolete: 'This field is not intended to be referenced directly by user code'",
          "suppressionStates": [
            "suppressedInSource"
          ],
          "locations": [
            {
              "resultFile": {
                "uri": "file:///D:/Asterisk%20Stuff/Apple%20Orchard%20Management%20Project/HimCart-Desktop/obj/Debug/net8.0-windows7.0/CommunityToolkit.Mvvm.SourceGenerators/CommunityToolkit.Mvvm.SourceGenerators.ObservablePropertyGenerator/HimCart_Desktop.ViewModels.DashboardViewModel.g.cs",
                "region": {
                  "startLine": 26,
                  "startColumn": 39,
                  "endLine": 26,
                  "endColumn": 138
                }
              }
            }
          ],
          "properties": {
            "warningLevel": 2
          }
        },
        {
          "ruleId": "CS0618",
          "level": "warning",
          "message": "'__KnownINotifyPropertyChangingArgs' is obsolete: 'This type is not intended to be used directly by user code'",
          "suppressionStates": [
            "suppressedInSource"
          ],
          "locations": [
            {
              "resultFile": {
                "uri": "file:///D:/Asterisk%20Stuff/Apple%20Orchard%20Management%20Project/HimCart-Desktop/obj/Debug/net8.0-windows7.0/CommunityToolkit.Mvvm.SourceGenerators/CommunityToolkit.Mvvm.SourceGenerators.ObservablePropertyGenerator/HimCart_Desktop.ViewModels.DashboardViewModel.g.cs",
                "region": {
                  "startLine": 44,
                  "startColumn": 40,
                  "endLine": 44,
                  "endColumn": 131
                }
              }
            }
          ],
          "properties": {
            "warningLevel": 2
          }
        },
        {
          "ruleId": "CS0618",
          "level": "warning",
          "message": "'__KnownINotifyPropertyChangingArgs.Location' is obsolete: 'This field is not intended to be referenced directly by user code'",
          "suppressionStates": [
            "suppressedInSource"
          ],
          "locations": [
            {
              "resultFile": {
                "uri": "file:///D:/Asterisk%20Stuff/Apple%20Orchard%20Management%20Project/HimCart-Desktop/obj/Debug/net8.0-windows7.0/CommunityToolkit.Mvvm.SourceGenerators/CommunityToolkit.Mvvm.SourceGenerators.ObservablePropertyGenerator/HimCart_Desktop.ViewModels.DashboardViewModel.g.cs",
                "region": {
                  "startLine": 44,
                  "startColumn": 40,
                  "endLine": 44,
                  "endColumn": 140
                }
              }
            }
          ],
          "properties": {
            "warningLevel": 2
          }
        },
        {
          "ruleId": "CS0618",
          "level": "warning",
          "message": "'__KnownINotifyPropertyChangedArgs' is obsolete: 'This type is not intended to be used directly by user code'",
          "suppressionStates": [
            "suppressedInSource"
          ],
          "locations": [
            {
              "resultFile": {
                "uri": "file:///D:/Asterisk%20Stuff/Apple%20Orchard%20Management%20Project/HimCart-Desktop/obj/Debug/net8.0-windows7.0/CommunityToolkit.Mvvm.SourceGenerators/CommunityToolkit.Mvvm.SourceGenerators.ObservablePropertyGenerator/HimCart_Desktop.ViewModels.DashboardViewModel.g.cs",
                "region": {
                  "startLine": 48,
                  "startColumn": 39,
                  "endLine": 48,
                  "endColumn": 129
                }
              }
            }
          ],
          "properties": {
            "warningLevel": 2
          }
        },
        {
          "ruleId": "CS0618",
          "level": "warning",
          "message": "'__KnownINotifyPropertyChangedArgs.Location' is obsolete: 'This field is not intended to be referenced directly by user code'",
          "suppressionStates": [
            "suppressedInSource"
          ],
          "locations": [
            {
              "resultFile": {
                "uri": "file:///D:/Asterisk%20Stuff/Apple%20Orchard%20Management%20Project/HimCart-Desktop/obj/Debug/net8.0-windows7.0/CommunityToolkit.Mvvm.SourceGenerators/CommunityToolkit.Mvvm.SourceGenerators.ObservablePropertyGenerator/HimCart_Desktop.ViewModels.DashboardViewModel.g.cs",
                "region": {
                  "startLine": 48,
                  "startColumn": 39,
                  "endLine": 48,
                  "endColumn": 138
                }
              }
            }
          ],
          "properties": {
            "warningLevel": 2
          }
        },
        {
          "ruleId": "CS0618",
          "level": "warning",
          "message": "'__KnownINotifyPropertyChangingArgs' is obsolete: 'This type is not intended to be used directly by user code'",
          "suppressionStates": [
            "suppressedInSource"
          ],
          "locations": [
            {
              "resultFile": {
                "uri": "file:///D:/Asterisk%20Stuff/Apple%20Orchard%20Management%20Project/HimCart-Desktop/obj/Debug/net8.0-windows7.0/CommunityToolkit.Mvvm.SourceGenerators/CommunityToolkit.Mvvm.SourceGenerators.ObservablePropertyGenerator/HimCart_Desktop.ViewModels.DashboardViewModel.g.cs",
                "region": {
                  "startLine": 66,
                  "startColumn": 40,
                  "endLine": 66,
                  "endColumn": 131
                }
              }
            }
          ],
          "properties": {
            "warningLevel": 2
          }
        },
        {
          "ruleId": "CS0618",
          "level": "warning",
          "message": "'__KnownINotifyPropertyChangingArgs.Temperature' is obsolete: 'This field is not intended to be referenced directly by user code'",
          "suppressionStates": [
            "suppressedInSource"
          ],
          "locations": [
            {
              "resultFile": {
                "uri": "file:///D:/Asterisk%20Stuff/Apple%20Orchard%20Management%20Project/HimCart-Desktop/obj/Debug/net8.0-windows7.0/CommunityToolkit.Mvvm.SourceGenerators/CommunityToolkit.Mvvm.SourceGenerators.ObservablePropertyGenerator/HimCart_Desktop.ViewModels.DashboardViewModel.g.cs",
                "region": {
                  "startLine": 66,
                  "startColumn": 40,
                  "endLine": 66,
                  "endColumn": 143
                }
              }
            }
          ],
          "properties": {
            "warningLevel": 2
          }
        },
        {
          "ruleId": "CS0618",
          "level": "warning",
          "message": "'__KnownINotifyPropertyChangedArgs' is obsolete: 'This type is not intended to be used directly by user code'",
          "suppressionStates": [
            "suppressedInSource"
          ],
          "locations": [
            {
              "resultFile": {
                "uri": "file:///D:/Asterisk%20Stuff/Apple%20Orchard%20Management%20Project/HimCart-Desktop/obj/Debug/net8.0-windows7.0/CommunityToolkit.Mvvm.SourceGenerators/CommunityToolkit.Mvvm.SourceGenerators.ObservablePropertyGenerator/HimCart_Desktop.ViewModels.DashboardViewModel.g.cs",
                "region": {
                  "startLine": 70,
                  "startColumn": 39,
                  "endLine": 70,
                  "endColumn": 129
                }
              }
            }
          ],
          "properties": {
            "warningLevel": 2
          }
        },
        {
          "ruleId": "CS0618",
          "level": "warning",
          "message": "'__KnownINotifyPropertyChangedArgs.Temperature' is obsolete: 'This field is not intended to be referenced directly by user code'",
          "suppressionStates": [
            "suppressedInSource"
          ],
          "locations": [
            {
              "resultFile": {
                "uri": "file:///D:/Asterisk%20Stuff/Apple%20Orchard%20Management%20Project/HimCart-Desktop/obj/Debug/net8.0-windows7.0/CommunityToolkit.Mvvm.SourceGenerators/CommunityToolkit.Mvvm.SourceGenerators.ObservablePropertyGenerator/HimCart_Desktop.ViewModels.DashboardViewModel.g.cs",
                "region": {
                  "startLine": 70,
                  "startColumn": 39,
                  "endLine": 70,
                  "endColumn": 141
                }
              }
            }
          ],
          "properties": {
            "warningLevel": 2
          }
        },
        {
          "ruleId": "CS0618",
          "level": "warning",
          "message": "'__KnownINotifyPropertyChangingArgs' is obsolete: 'This type is not intended to be used directly by user code'",
          "suppressionStates": [
            "suppressedInSource"
          ],
          "locations": [
            {
              "resultFile": {
                "uri": "file:///D:/Asterisk%20Stuff/Apple%20Orchard%20Management%20Project/HimCart-Desktop/obj/Debug/net8.0-windows7.0/CommunityToolkit.Mvvm.SourceGenerators/CommunityToolkit.Mvvm.SourceGenerators.ObservablePropertyGenerator/HimCart_Desktop.ViewModels.ViewModelBase.g.cs",
                "region": {
                  "startLine": 43,
                  "startColumn": 40,
                  "endLine": 43,
                  "endColumn": 131
                }
              }
            }
          ],
          "properties": {
            "warningLevel": 2
          }
        },
        {
          "ruleId": "CS0618",
          "level": "warning",
          "message": "'__KnownINotifyPropertyChangingArgs.Title' is obsolete: 'This field is not intended to be referenced directly by user code'",
          "suppressionStates": [
            "suppressedInSource"
          ],
          "locations": [
            {
              "resultFile": {
                "uri": "file:///D:/Asterisk%20Stuff/Apple%20Orchard%20Management%20Project/HimCart-Desktop/obj/Debug/net8.0-windows7.0/CommunityToolkit.Mvvm.SourceGenerators/CommunityToolkit.Mvvm.SourceGenerators.ObservablePropertyGenerator/HimCart_Desktop.ViewModels.ViewModelBase.g.cs",
                "region": {
                  "startLine": 43,
                  "startColumn": 40,
                  "endLine": 43,
                  "endColumn": 137
                }
              }
            }
          ],
          "properties": {
            "warningLevel": 2
          }
        },
        {
          "ruleId": "CS0618",
          "level": "warning",
          "message": "'__KnownINotifyPropertyChangedArgs' is obsolete: 'This type is not intended to be used directly by user code'",
          "suppressionStates": [
            "suppressedInSource"
          ],
          "locations": [
            {
              "resultFile": {
                "uri": "file:///D:/Asterisk%20Stuff/Apple%20Orchard%20Management%20Project/HimCart-Desktop/obj/Debug/net8.0-windows7.0/CommunityToolkit.Mvvm.SourceGenerators/CommunityToolkit.Mvvm.SourceGenerators.ObservablePropertyGenerator/HimCart_Desktop.ViewModels.ViewModelBase.g.cs",
                "region": {
                  "startLine": 47,
                  "startColumn": 39,
                  "endLine": 47,
                  "endColumn": 129
                }
              }
            }
          ],
          "properties": {
            "warningLevel": 2
          }
        },
        {
          "ruleId": "CS0618",
          "level": "warning",
          "message": "'__KnownINotifyPropertyChangedArgs.Title' is obsolete: 'This field is not intended to be referenced directly by user code'",
          "suppressionStates": [
            "suppressedInSource"
          ],
          "locations": [
            {
              "resultFile": {
                "uri": "file:///D:/Asterisk%20Stuff/Apple%20Orchard%20Management%20Project/HimCart-Desktop/obj/Debug/net8.0-windows7.0/CommunityToolkit.Mvvm.SourceGenerators/CommunityToolkit.Mvvm.SourceGenerators.ObservablePropertyGenerator/HimCart_Desktop.ViewModels.ViewModelBase.g.cs",
                "region": {
                  "startLine": 47,
                  "startColumn": 39,
                  "endLine": 47,
                  "endColumn": 135
                }
              }
            }
          ],
          "properties": {
            "warningLevel": 2
          }
        },
        {
          "ruleId": "CS0618",
          "level": "warning",
          "message": "'__KnownINotifyPropertyChangingArgs' is obsolete: 'This type is not intended to be used directly by user code'",
          "suppressionStates": [
            "suppressedInSource"
          ],
          "locations": [
            {
              "resultFile": {
                "uri": "file:///D:/Asterisk%20Stuff/Apple%20Orchard%20Management%20Project/HimCart-Desktop/obj/Debug/net8.0-windows7.0/CommunityToolkit.Mvvm.SourceGenerators/CommunityToolkit.Mvvm.SourceGenerators.ObservablePropertyGenerator/HimCart_Desktop.ViewModels.DashboardViewModel.g.cs",
                "region": {
                  "startLine": 87,
                  "startColumn": 40,
                  "endLine": 87,
                  "endColumn": 131
                }
              }
            }
          ],
          "properties": {
            "warningLevel": 2
          }
        },
        {
          "ruleId": "CS0618",
          "level": "warning",
          "message": "'__KnownINotifyPropertyChangingArgs.CurrentView' is obsolete: 'This field is not intended to be referenced directly by user code'",
          "suppressionStates": [
            "suppressedInSource"
          ],
          "locations": [
            {
              "resultFile": {
                "uri": "file:///D:/Asterisk%20Stuff/Apple%20Orchard%20Management%20Project/HimCart-Desktop/obj/Debug/net8.0-windows7.0/CommunityToolkit.Mvvm.SourceGenerators/CommunityToolkit.Mvvm.SourceGenerators.ObservablePropertyGenerator/HimCart_Desktop.ViewModels.DashboardViewModel.g.cs",
                "region": {
                  "startLine": 87,
                  "startColumn": 40,
                  "endLine": 87,
                  "endColumn": 143
                }
              }
            }
          ],
          "properties": {
            "warningLevel": 2
          }
        },
        {
          "ruleId": "CS0618",
          "level": "warning",
          "message": "'__KnownINotifyPropertyChangedArgs' is obsolete: 'This type is not intended to be used directly by user code'",
          "suppressionStates": [
            "suppressedInSource"
          ],
          "locations": [
            {
              "resultFile": {
                "uri": "file:///D:/Asterisk%20Stuff/Apple%20Orchard%20Management%20Project/HimCart-Desktop/obj/Debug/net8.0-windows7.0/CommunityToolkit.Mvvm.SourceGenerators/CommunityToolkit.Mvvm.SourceGenerators.ObservablePropertyGenerator/HimCart_Desktop.ViewModels.DashboardViewModel.g.cs",
                "region": {
                  "startLine": 91,
                  "startColumn": 39,
                  "endLine": 91,
                  "endColumn": 129
                }
              }
            }
          ],
          "properties": {
            "warningLevel": 2
          }
        },
        {
          "ruleId": "CS0618",
          "level": "warning",
          "message": "'__KnownINotifyPropertyChangedArgs.CurrentView' is obsolete: 'This field is not intended to be referenced directly by user code'",
          "suppressionStates": [
            "suppressedInSource"
          ],
          "locations": [
            {
              "resultFile": {
                "uri": "file:///D:/Asterisk%20Stuff/Apple%20Orchard%20Management%20Project/HimCart-Desktop/obj/Debug/net8.0-windows7.0/CommunityToolkit.Mvvm.SourceGenerators/CommunityToolkit.Mvvm.SourceGenerators.ObservablePropertyGenerator/HimCart_Desktop.ViewModels.DashboardViewModel.g.cs",
                "region": {
                  "startLine": 91,
                  "startColumn": 39,
                  "endLine": 91,
                  "endColumn": 141
                }
              }
            }
          ],
          "properties": {
            "warningLevel": 2
          }
        },
        {
          "ruleId": "CS8620",
          "level": "warning",
          "message": "Argument of type 'Action<string>' cannot be used for parameter 'execute' of type 'Action<string?>' in 'RelayCommand<string>.RelayCommand(Action<string?> execute)' due to differences in the nullability of reference types.",
          "suppressionStates": [
            "suppressedInSource"
          ],
          "locations": [
            {
              "resultFile": {
                "uri": "file:///D:/Asterisk%20Stuff/Apple%20Orchard%20Management%20Project/HimCart-Desktop/obj/Debug/net8.0-windows7.0/CommunityToolkit.Mvvm.SourceGenerators/CommunityToolkit.Mvvm.SourceGenerators.RelayCommandGenerator/HimCart_Desktop.ViewModels.DashboardViewModel.Navigate.g.cs",
                "region": {
                  "startLine": 15,
                  "startColumn": 174,
                  "endLine": 15,
                  "endColumn": 217
                }
              }
            }
          ],
          "properties": {
            "warningLevel": 1
          }
        },
        {
          "ruleId": "CS8618",
          "level": "warning",
          "message": "Non-nullable field '_assets' must contain a non-null value when exiting constructor. Consider adding the 'required' modifier or declaring the field as nullable.",
          "locations": [
            {
              "resultFile": {
                "uri": "file:///D:/Asterisk%20Stuff/Apple%20Orchard%20Management%20Project/HimCart-Desktop/View/InventoryView.xaml.cs",
                "region": {
                  "startLine": 13,
                  "startColumn": 16,
                  "endLine": 13,
                  "endColumn": 29
                }
              }
            }
          ],
          "relatedLocations": [
            {
              "physicalLocation": {
                "uri": "file:///D:/Asterisk%20Stuff/Apple%20Orchard%20Management%20Project/HimCart-Desktop/View/InventoryView.xaml.cs",
                "region": {
                  "startLine": 11,
                  "startColumn": 37,
                  "endLine": 11,
                  "endColumn": 44
                }
              }
            }
          ],
          "properties": {
            "warningLevel": 1
          }
        },
        {
          "ruleId": "CS8618",
          "level": "warning",
          "message": "Non-nullable property 'Name' must contain a non-null value when exiting constructor. Consider adding the 'required' modifier or declaring the property as nullable.",
          "locations": [
            {
              "resultFile": {
                "uri": "file:///D:/Asterisk%20Stuff/Apple%20Orchard%20Management%20Project/HimCart-Desktop/View/InventoryView.xaml.cs",
                "region": {
                  "startLine": 67,
                  "startColumn": 23,
                  "endLine": 67,
                  "endColumn": 27
                }
              }
            }
          ],
          "relatedLocations": [
            {
              "physicalLocation": {
                "uri": "file:///D:/Asterisk%20Stuff/Apple%20Orchard%20Management%20Project/HimCart-Desktop/View/InventoryView.xaml.cs",
                "region": {
                  "startLine": 67,
                  "startColumn": 23,
                  "endLine": 67,
                  "endColumn": 27
                }
              }
            }
          ],
          "properties": {
            "warningLevel": 1
          }
        },
        {
          "ruleId": "CS8618",
          "level": "warning",
          "message": "Non-nullable property 'Category' must contain a non-null value when exiting constructor. Consider adding the 'required' modifier or declaring the property as nullable.",
          "locations": [
            {
              "resultFile": {
                "uri": "file:///D:/Asterisk%20Stuff/Apple%20Orchard%20Management%20Project/HimCart-Desktop/View/InventoryView.xaml.cs",
                "region": {
                  "startLine": 68,
                  "startColumn": 23,
                  "endLine": 68,
                  "endColumn": 31
                }
              }
            }
          ],
          "relatedLocations": [
            {
              "physicalLocation": {
                "uri": "file:///D:/Asterisk%20Stuff/Apple%20Orchard%20Management%20Project/HimCart-Desktop/View/InventoryView.xaml.cs",
                "region": {
                  "startLine": 68,
                  "startColumn": 23,
                  "endLine": 68,
                  "endColumn": 31
                }
              }
            }
          ],
          "properties": {
            "warningLevel": 1
          }
        },
        {
          "ruleId": "CS8618",
          "level": "warning",
          "message": "Non-nullable property 'QuantityDisplay' must contain a non-null value when exiting constructor. Consider adding the 'required' modifier or declaring the property as nullable.",
          "locations": [
            {
              "resultFile": {
                "uri": "file:///D:/Asterisk%20Stuff/Apple%20Orchard%20Management%20Project/HimCart-Desktop/View/InventoryView.xaml.cs",
                "region": {
                  "startLine": 69,
                  "startColumn": 23,
                  "endLine": 69,
                  "endColumn": 38
                }
              }
            }
          ],
          "relatedLocations": [
            {
              "physicalLocation": {
                "uri": "file:///D:/Asterisk%20Stuff/Apple%20Orchard%20Management%20Project/HimCart-Desktop/View/InventoryView.xaml.cs",
                "region": {
                  "startLine": 69,
                  "startColumn": 23,
                  "endLine": 69,
                  "endColumn": 38
                }
              }
            }
          ],
          "properties": {
            "warningLevel": 1
          }
        },
        {
          "ruleId": "CS8618",
          "level": "warning",
          "message": "Non-nullable property 'StatusColor' must contain a non-null value when exiting constructor. Consider adding the 'required' modifier or declaring the property as nullable.",
          "locations": [
            {
              "resultFile": {
                "uri": "file:///D:/Asterisk%20Stuff/Apple%20Orchard%20Management%20Project/HimCart-Desktop/View/InventoryView.xaml.cs",
                "region": {
                  "startLine": 72,
                  "startColumn": 22,
                  "endLine": 72,
                  "endColumn": 33
                }
              }
            }
          ],
          "relatedLocations": [
            {
              "physicalLocation": {
                "uri": "file:///D:/Asterisk%20Stuff/Apple%20Orchard%20Management%20Project/HimCart-Desktop/View/InventoryView.xaml.cs",
                "region": {
                  "startLine": 72,
                  "startColumn": 22,
                  "endLine": 72,
                  "endColumn": 33
                }
              }
            }
          ],
          "properties": {
            "warningLevel": 1
          }
        },
        {
          "ruleId": "CS8618",
          "level": "warning",
          "message": "Non-nullable property 'NextSupply' must contain a non-null value when exiting constructor. Consider adding the 'required' modifier or declaring the property as nullable.",
          "locations": [
            {
              "resultFile": {
                "uri": "file:///D:/Asterisk%20Stuff/Apple%20Orchard%20Management%20Project/HimCart-Desktop/View/InventoryView.xaml.cs",
                "region": {
                  "startLine": 73,
                  "startColumn": 23,
                  "endLine": 73,
                  "endColumn": 33
                }
              }
            }
          ],
          "relatedLocations": [
            {
              "physicalLocation": {
                "uri": "file:///D:/Asterisk%20Stuff/Apple%20Orchard%20Management%20Project/HimCart-Desktop/View/InventoryView.xaml.cs",
                "region": {
                  "startLine": 73,
                  "startColumn": 23,
                  "endLine": 73,
                  "endColumn": 33
                }
              }
            }
          ],
          "properties": {
            "warningLevel": 1
          }
        },
        {
          "ruleId": "CS8618",
          "level": "warning",
          "message": "Non-nullable property 'ActionText' must contain a non-null value when exiting constructor. Consider adding the 'required' modifier or declaring the property as nullable.",
          "locations": [
            {
              "resultFile": {
                "uri": "file:///D:/Asterisk%20Stuff/Apple%20Orchard%20Management%20Project/HimCart-Desktop/View/InventoryView.xaml.cs",
                "region": {
                  "startLine": 74,
                  "startColumn": 23,
                  "endLine": 74,
                  "endColumn": 33
                }
              }
            }
          ],
          "relatedLocations": [
            {
              "physicalLocation": {
                "uri": "file:///D:/Asterisk%20Stuff/Apple%20Orchard%20Management%20Project/HimCart-Desktop/View/InventoryView.xaml.cs",
                "region": {
                  "startLine": 74,
                  "startColumn": 23,
                  "endLine": 74,
                  "endColumn": 33
                }
              }
            }
          ],
          "properties": {
            "warningLevel": 1
          }
        },
        {
          "ruleId": "CS1998",
          "level": "warning",
          "message": "This async method lacks 'await' operators and will run synchronously. Consider using the 'await' operator to await non-blocking API calls, or 'await Task.Run(...)' to do CPU-bound work on a background thread.",
          "locations": [
            {
              "resultFile": {
                "uri": "file:///D:/Asterisk%20Stuff/Apple%20Orchard%20Management%20Project/HimCart-Desktop/Services/CloudSyncService.cs",
                "region": {
                  "startLine": 86,
                  "startColumn": 46,
                  "endLine": 86,
                  "endColumn": 48
                }
              }
            }
          ],
          "properties": {
            "warningLevel": 1
          }
        },
        {
          "ruleId": "CS8602",
          "level": "warning",
          "message": "Dereference of a possibly null reference.",
          "locations": [
            {
              "resultFile": {
                "uri": "file:///D:/Asterisk%20Stuff/Apple%20Orchard%20Management%20Project/HimCart-Desktop/View/MapView.xaml.cs",
                "region": {
                  "startLine": 35,
                  "startColumn": 17,
                  "endLine": 35,
                  "endColumn": 43
                }
              }
            }
          ],
          "properties": {
            "warningLevel": 1
          }
        },
        {
          "ruleId": "CS1998",
          "level": "warning",
          "message": "This async method lacks 'await' operators and will run synchronously. Consider using the 'await' operator to await non-blocking API calls, or 'await Task.Run(...)' to do CPU-bound work on a background thread.",
          "locations": [
            {
              "resultFile": {
                "uri": "file:///D:/Asterisk%20Stuff/Apple%20Orchard%20Management%20Project/HimCart-Desktop/View/InventoryView.xaml.cs",
                "region": {
                  "startLine": 59,
                  "startColumn": 28,
                  "endLine": 59,
                  "endColumn": 40
                }
              }
            }
          ],
          "properties": {
            "warningLevel": 1
          }
        },
        {
          "ruleId": "CS8618",
          "level": "warning",
          "message": "Non-nullable property 'Title' must contain a non-null value when exiting constructor. Consider adding the 'required' modifier or declaring the property as nullable.",
          "locations": [
            {
              "resultFile": {
                "uri": "file:///D:/Asterisk%20Stuff/Apple%20Orchard%20Management%20Project/HimCart-Desktop/View/OpsHubView.xaml.cs",
                "region": {
                  "startLine": 85,
                  "startColumn": 23,
                  "endLine": 85,
                  "endColumn": 28
                }
              }
            }
          ],
          "relatedLocations": [
            {
              "physicalLocation": {
                "uri": "file:///D:/Asterisk%20Stuff/Apple%20Orchard%20Management%20Project/HimCart-Desktop/View/OpsHubView.xaml.cs",
                "region": {
                  "startLine": 85,
                  "startColumn": 23,
                  "endLine": 85,
                  "endColumn": 28
                }
              }
            }
          ],
          "properties": {
            "warningLevel": 1
          }
        },
        {
          "ruleId": "CS8618",
          "level": "warning",
          "message": "Non-nullable property 'Time' must contain a non-null value when exiting constructor. Consider adding the 'required' modifier or declaring the property as nullable.",
          "locations": [
            {
              "resultFile": {
                "uri": "file:///D:/Asterisk%20Stuff/Apple%20Orchard%20Management%20Project/HimCart-Desktop/View/OpsHubView.xaml.cs",
                "region": {
                  "startLine": 86,
                  "startColumn": 23,
                  "endLine": 86,
                  "endColumn": 27
                }
              }
            }
          ],
          "relatedLocations": [
            {
              "physicalLocation": {
                "uri": "file:///D:/Asterisk%20Stuff/Apple%20Orchard%20Management%20Project/HimCart-Desktop/View/OpsHubView.xaml.cs",
                "region": {
                  "startLine": 86,
                  "startColumn": 23,
                  "endLine": 86,
                  "endColumn": 27
                }
              }
            }
          ],
          "properties": {
            "warningLevel": 1
          }
        },
        {
          "ruleId": "CS8618",
          "level": "warning",
          "message": "Non-nullable property 'Color' must contain a non-null value when exiting constructor. Consider adding the 'required' modifier or declaring the property as nullable.",
          "locations": [
            {
              "resultFile": {
                "uri": "file:///D:/Asterisk%20Stuff/Apple%20Orchard%20Management%20Project/HimCart-Desktop/View/OpsHubView.xaml.cs",
                "region": {
                  "startLine": 88,
                  "startColumn": 22,
                  "endLine": 88,
                  "endColumn": 27
                }
              }
            }
          ],
          "relatedLocations": [
            {
              "physicalLocation": {
                "uri": "file:///D:/Asterisk%20Stuff/Apple%20Orchard%20Management%20Project/HimCart-Desktop/View/OpsHubView.xaml.cs",
                "region": {
                  "startLine": 88,
                  "startColumn": 22,
                  "endLine": 88,
                  "endColumn": 27
                }
              }
            }
          ],
          "properties": {
            "warningLevel": 1
          }
        },
        {
          "ruleId": "CS8135",
          "level": "error",
          "message": "Tuple with 2 elements cannot be converted to type 'Task'.",
          "locations": [
            {
              "resultFile": {
                "uri": "file:///D:/Asterisk%20Stuff/Apple%20Orchard%20Management%20Project/HimCart-Desktop/Services/VisionService.cs",
                "region": {
                  "startLine": 81,
                  "startColumn": 40,
                  "endLine": 81,
                  "endColumn": 88
                }
              }
            }
          ]
        },
        {
          "ruleId": "CS1662",
          "level": "error",
          "message": "Cannot convert lambda expression to intended delegate type because some of the return types in the block are not implicitly convertible to the delegate return type",
          "locations": [
            {
              "resultFile": {
                "uri": "file:///D:/Asterisk%20Stuff/Apple%20Orchard%20Management%20Project/HimCart-Desktop/Services/VisionService.cs",
                "region": {
                  "startLine": 81,
                  "startColumn": 40,
                  "endLine": 81,
                  "endColumn": 88
                }
              }
            }
          ]
        },
        {
          "ruleId": "CS8030",
          "level": "error",
          "message": "Anonymous function converted to a void returning delegate cannot return a value",
          "locations": [
            {
              "resultFile": {
                "uri": "file:///D:/Asterisk%20Stuff/Apple%20Orchard%20Management%20Project/HimCart-Desktop/Services/VisionService.cs",
                "region": {
                  "startLine": 81,
                  "startColumn": 33,
                  "endLine": 81,
                  "endColumn": 39
                }
              }
            }
          ]
        },
        {
          "ruleId": "CS4034",
          "level": "error",
          "message": "The 'await' operator can only be used within an async lambda expression. Consider marking this lambda expression with the 'async' modifier.",
          "locations": [
            {
              "resultFile": {
                "uri": "file:///D:/Asterisk%20Stuff/Apple%20Orchard%20Management%20Project/HimCart-Desktop/Services/VisionService.cs",
                "region": {
                  "startLine": 78,
                  "startColumn": 54,
                  "endLine": 82,
                  "endColumn": 31
                }
              }
            }
          ]
        },
        {
          "ruleId": "CS8130",
          "level": "error",
          "message": "Cannot infer the type of implicitly-typed deconstruction variable 'predictions'.",
          "locations": [
            {
              "resultFile": {
                "uri": "file:///D:/Asterisk%20Stuff/Apple%20Orchard%20Management%20Project/HimCart-Desktop/Services/VisionService.cs",
                "region": {
                  "startLine": 78,
                  "startColumn": 34,
                  "endLine": 78,
                  "endColumn": 45
                }
              }
            }
          ]
        },
        {
          "ruleId": "CS8130",
          "level": "error",
          "message": "Cannot infer the type of implicitly-typed deconstruction variable 'hsv'.",
          "locations": [
            {
              "resultFile": {
                "uri": "file:///D:/Asterisk%20Stuff/Apple%20Orchard%20Management%20Project/HimCart-Desktop/Services/VisionService.cs",
                "region": {
                  "startLine": 78,
                  "startColumn": 47,
                  "endLine": 78,
                  "endColumn": 50
                }
              }
            }
          ]
        },
        {
          "ruleId": "CS8600",
          "level": "warning",
          "message": "Converting null literal or possible null value to non-nullable type.",
          "locations": [
            {
              "resultFile": {
                "uri": "file:///D:/Asterisk%20Stuff/Apple%20Orchard%20Management%20Project/HimCart-Desktop/View/NeuralLabView.xaml.cs",
                "region": {
                  "startLine": 238,
                  "startColumn": 54,
                  "endLine": 238,
                  "endColumn": 152
                }
              }
            }
          ],
          "properties": {
            "warningLevel": 1
          }
        },
        {
          "ruleId": "CS8600",
          "level": "warning",
          "message": "Converting null literal or possible null value to non-nullable type.",
          "locations": [
            {
              "resultFile": {
                "uri": "file:///D:/Asterisk%20Stuff/Apple%20Orchard%20Management%20Project/HimCart-Desktop/View/NeuralLabView.xaml.cs",
                "region": {
                  "startLine": 238,
                  "startColumn": 155,
                  "endLine": 238,
                  "endColumn": 253
                }
              }
            }
          ],
          "properties": {
            "warningLevel": 1
          }
        },
        {
          "ruleId": "CS0649",
          "level": "warning",
          "message": "Field 'VisionService._appleDetectionSession' is never assigned to, and will always have its default value null",
          "locations": [
            {
              "resultFile": {
                "uri": "file:///D:/Asterisk%20Stuff/Apple%20Orchard%20Management%20Project/HimCart-Desktop/Services/VisionService.cs",
                "region": {
                  "startLine": 18,
                  "startColumn": 35,
                  "endLine": 18,
                  "endColumn": 57
                }
              }
            }
          ],
          "properties": {
            "warningLevel": 4
          }
        },
        {
          "ruleId": "CA1822",
          "level": "note",
          "message": "Member 'ConfigureServices' does not access instance data and can be marked as static",
          "locations": [
            {
              "resultFile": {
                "uri": "file:///D:/Asterisk%20Stuff/Apple%20Orchard%20Management%20Project/HimCart-Desktop/App.xaml.cs",
                "region": {
                  "startLine": 43,
                  "startColumn": 22,
                  "endLine": 43,
                  "endColumn": 39
                }
              }
            }
          ],
          "properties": {
            "warningLevel": 1
          }
        },
        {
          "ruleId": "CA1862",
          "level": "note",
          "message": "Prefer the string comparison method overload of 'string.Contains(string)' that takes a 'StringComparison' enum value to perform a case-insensitive comparison, but keep in mind that this might cause subtle changes in behavior, so make sure to conduct thorough testing after applying the suggestion, or if culturally sensitive comparison is not required, consider using 'StringComparison.OrdinalIgnoreCase'",
          "locations": [
            {
              "resultFile": {
                "uri": "file:///D:/Asterisk%20Stuff/Apple%20Orchard%20Management%20Project/HimCart-Desktop/View/GlobalSearchOverlay.xaml.cs",
                "region": {
                  "startLine": 66,
                  "startColumn": 83,
                  "endLine": 66,
                  "endColumn": 115
                }
              }
            }
          ],
          "properties": {
            "warningLevel": 1,
            "customProperties": {
              "LeftOffendingMethod": "ToLower",
              "RightOffendingMethod": null
            }
          }
        },
        {
          "ruleId": "CA1862",
          "level": "note",
          "message": "Prefer the string comparison method overload of 'string.Contains(string)' that takes a 'StringComparison' enum value to perform a case-insensitive comparison, but keep in mind that this might cause subtle changes in behavior, so make sure to conduct thorough testing after applying the suggestion, or if culturally sensitive comparison is not required, consider using 'StringComparison.OrdinalIgnoreCase'",
          "locations": [
            {
              "resultFile": {
                "uri": "file:///D:/Asterisk%20Stuff/Apple%20Orchard%20Management%20Project/HimCart-Desktop/View/GlobalSearchOverlay.xaml.cs",
                "region": {
                  "startLine": 74,
                  "startColumn": 60,
                  "endLine": 74,
                  "endColumn": 93
                }
              }
            }
          ],
          "properties": {
            "warningLevel": 1,
            "customProperties": {
              "LeftOffendingMethod": "ToLower",
              "RightOffendingMethod": null
            }
          }
        },
        {
          "ruleId": "CA1862",
          "level": "note",
          "message": "Prefer the string comparison method overload of 'string.Contains(string)' that takes a 'StringComparison' enum value to perform a case-insensitive comparison, but keep in mind that this might cause subtle changes in behavior, so make sure to conduct thorough testing after applying the suggestion, or if culturally sensitive comparison is not required, consider using 'StringComparison.OrdinalIgnoreCase'",
          "locations": [
            {
              "resultFile": {
                "uri": "file:///D:/Asterisk%20Stuff/Apple%20Orchard%20Management%20Project/HimCart-Desktop/View/GlobalSearchOverlay.xaml.cs",
                "region": {
                  "startLine": 74,
                  "startColumn": 97,
                  "endLine": 74,
                  "endColumn": 135
                }
              }
            }
          ],
          "properties": {
            "warningLevel": 1,
            "customProperties": {
              "LeftOffendingMethod": "ToLower",
              "RightOffendingMethod": null
            }
          }
        },
        {
          "ruleId": "CA1862",
          "level": "note",
          "message": "Prefer the string comparison method overload of 'string.Contains(string)' that takes a 'StringComparison' enum value to perform a case-insensitive comparison, but keep in mind that this might cause subtle changes in behavior, so make sure to conduct thorough testing after applying the suggestion, or if culturally sensitive comparison is not required, consider using 'StringComparison.OrdinalIgnoreCase'",
          "locations": [
            {
              "resultFile": {
                "uri": "file:///D:/Asterisk%20Stuff/Apple%20Orchard%20Management%20Project/HimCart-Desktop/View/GlobalSearchOverlay.xaml.cs",
                "region": {
                  "startLine": 82,
                  "startColumn": 83,
                  "endLine": 82,
                  "endColumn": 117
                }
              }
            }
          ],
          "properties": {
            "warningLevel": 1,
            "customProperties": {
              "LeftOffendingMethod": "ToLower",
              "RightOffendingMethod": null
            }
          }
        },
        {
          "ruleId": "CA1862",
          "level": "note",
          "message": "Prefer the string comparison method overload of 'string.Contains(string)' that takes a 'StringComparison' enum value to perform a case-insensitive comparison, but keep in mind that this might cause subtle changes in behavior, so make sure to conduct thorough testing after applying the suggestion, or if culturally sensitive comparison is not required, consider using 'StringComparison.OrdinalIgnoreCase'",
          "locations": [
            {
              "resultFile": {
                "uri": "file:///D:/Asterisk%20Stuff/Apple%20Orchard%20Management%20Project/HimCart-Desktop/View/GlobalSearchOverlay.xaml.cs",
                "region": {
                  "startLine": 82,
                  "startColumn": 121,
                  "endLine": 82,
                  "endColumn": 153
                }
              }
            }
          ],
          "properties": {
            "warningLevel": 1,
            "customProperties": {
              "LeftOffendingMethod": "ToLower",
              "RightOffendingMethod": null
            }
          }
        },
        {
          "ruleId": "CA1816",
          "level": "note",
          "message": "Change CameraService.Dispose() to call GC.SuppressFinalize(object). This will prevent derived types that introduce a finalizer from needing to re-implement 'IDisposable' to call it.",
          "locations": [
            {
              "resultFile": {
                "uri": "file:///D:/Asterisk%20Stuff/Apple%20Orchard%20Management%20Project/HimCart-Desktop/Services/CameraService.cs",
                "region": {
                  "startLine": 113,
                  "startColumn": 21,
                  "endLine": 113,
                  "endColumn": 28
                }
              }
            }
          ],
          "properties": {
            "warningLevel": 1
          }
        },
        {
          "ruleId": "CA1822",
          "level": "note",
          "message": "Member 'EstimateBoxes' does not access instance data and can be marked as static",
          "locations": [
            {
              "resultFile": {
                "uri": "file:///D:/Asterisk%20Stuff/Apple%20Orchard%20Management%20Project/HimCart-Desktop/Services/EstimationEngine.cs",
                "region": {
                  "startLine": 57,
                  "startColumn": 20,
                  "endLine": 57,
                  "endColumn": 33
                }
              }
            }
          ],
          "properties": {
            "warningLevel": 1
          }
        },
        {
          "ruleId": "CA1826",
          "level": "note",
          "message": "Do not use Enumerable methods on indexable collections. Instead use the collection directly.",
          "locations": [
            {
              "resultFile": {
                "uri": "file:///D:/Asterisk%20Stuff/Apple%20Orchard%20Management%20Project/HimCart-Desktop/Services/YoloInferenceService.cs",
                "region": {
                  "startLine": 64,
                  "startColumn": 26,
                  "endLine": 64,
                  "endColumn": 41
                }
              }
            }
          ],
          "properties": {
            "warningLevel": 1,
            "customProperties": {
              "method": "First"
            }
          }
        },
        {
          "ruleId": "CA1822",
          "level": "note",
          "message": "Member 'GetAdjustedEstimation' does not access instance data and can be marked as static",
          "locations": [
            {
              "resultFile": {
                "uri": "file:///D:/Asterisk%20Stuff/Apple%20Orchard%20Management%20Project/HimCart-Desktop/Services/EstimationEngine.cs",
                "region": {
                  "startLine": 65,
                  "startColumn": 23,
                  "endLine": 65,
                  "endColumn": 44
                }
              }
            }
          ],
          "properties": {
            "warningLevel": 1
          }
        },
        {
          "ruleId": "CA1862",
          "level": "note",
          "message": "Prefer the string comparison method overload of 'string.Contains(string)' that takes a 'StringComparison' enum value to perform a case-insensitive comparison, but keep in mind that this might cause subtle changes in behavior, so make sure to conduct thorough testing after applying the suggestion, or if culturally sensitive comparison is not required, consider using 'StringComparison.OrdinalIgnoreCase'",
          "locations": [
            {
              "resultFile": {
                "uri": "file:///D:/Asterisk%20Stuff/Apple%20Orchard%20Management%20Project/HimCart-Desktop/View/InventoryView.xaml.cs",
                "region": {
                  "startLine": 36,
                  "startColumn": 58,
                  "endLine": 36,
                  "endColumn": 91
                }
              }
            }
          ],
          "properties": {
            "warningLevel": 1,
            "customProperties": {
              "LeftOffendingMethod": "ToLower",
              "RightOffendingMethod": null
            }
          }
        },
        {
          "ruleId": "CA1862",
          "level": "note",
          "message": "Prefer the string comparison method overload of 'string.Contains(string)' that takes a 'StringComparison' enum value to perform a case-insensitive comparison, but keep in mind that this might cause subtle changes in behavior, so make sure to conduct thorough testing after applying the suggestion, or if culturally sensitive comparison is not required, consider using 'StringComparison.OrdinalIgnoreCase'",
          "locations": [
            {
              "resultFile": {
                "uri": "file:///D:/Asterisk%20Stuff/Apple%20Orchard%20Management%20Project/HimCart-Desktop/View/InventoryView.xaml.cs",
                "region": {
                  "startLine": 36,
                  "startColumn": 95,
                  "endLine": 36,
                  "endColumn": 132
                }
              }
            }
          ],
          "properties": {
            "warningLevel": 1,
            "customProperties": {
              "LeftOffendingMethod": "ToLower",
              "RightOffendingMethod": null
            }
          }
        },
        {
          "ruleId": "CA1822",
          "level": "note",
          "message": "Member 'CalculateEstimatedProfit' does not access instance data and can be marked as static",
          "locations": [
            {
              "resultFile": {
                "uri": "file:///D:/Asterisk%20Stuff/Apple%20Orchard%20Management%20Project/HimCart-Desktop/Services/MarketIntelligenceService.cs",
                "region": {
                  "startLine": 36,
                  "startColumn": 23,
                  "endLine": 36,
                  "endColumn": 47
                }
              }
            }
          ],
          "properties": {
            "warningLevel": 1
          }
        },
        {
          "ruleId": "CA1822",
          "level": "note",
          "message": "Member 'GetRevenueTrendData' does not access instance data and can be marked as static",
          "locations": [
            {
              "resultFile": {
                "uri": "file:///D:/Asterisk%20Stuff/Apple%20Orchard%20Management%20Project/HimCart-Desktop/Services/MarketIntelligenceService.cs",
                "region": {
                  "startLine": 43,
                  "startColumn": 29,
                  "endLine": 43,
                  "endColumn": 48
                }
              }
            }
          ],
          "properties": {
            "warningLevel": 1
          }
        },
        {
          "ruleId": "CA1847",
          "level": "note",
          "message": "Use 'string.Contains(char)' instead of 'string.Contains(string)' when searching for a single character",
          "locations": [
            {
              "resultFile": {
                "uri": "file:///D:/Asterisk%20Stuff/Apple%20Orchard%20Management%20Project/HimCart-Desktop/View/MapView.xaml.cs",
                "region": {
                  "startLine": 85,
                  "startColumn": 58,
                  "endLine": 85,
                  "endColumn": 61
                }
              }
            }
          ],
          "properties": {
            "warningLevel": 1
          }
        },
        {
          "ruleId": "CA1847",
          "level": "note",
          "message": "Use 'string.Contains(char)' instead of 'string.Contains(string)' when searching for a single character",
          "locations": [
            {
              "resultFile": {
                "uri": "file:///D:/Asterisk%20Stuff/Apple%20Orchard%20Management%20Project/HimCart-Desktop/View/MapView.xaml.cs",
                "region": {
                  "startLine": 90,
                  "startColumn": 53,
                  "endLine": 90,
                  "endColumn": 56
                }
              }
            }
          ],
          "properties": {
            "warningLevel": 1
          }
        },
        {
          "ruleId": "CA1847",
          "level": "note",
          "message": "Use 'string.Contains(char)' instead of 'string.Contains(string)' when searching for a single character",
          "locations": [
            {
              "resultFile": {
                "uri": "file:///D:/Asterisk%20Stuff/Apple%20Orchard%20Management%20Project/HimCart-Desktop/View/MapView.xaml.cs",
                "region": {
                  "startLine": 91,
                  "startColumn": 59,
                  "endLine": 91,
                  "endColumn": 62
                }
              }
            }
          ],
          "properties": {
            "warningLevel": 1
          }
        },
        {
          "ruleId": "CA1854",
          "level": "note",
          "message": "Prefer a 'TryGetValue' call over a Dictionary indexer access guarded by a 'ContainsKey' check to avoid double lookup",
          "locations": [
            {
              "resultFile": {
                "uri": "file:///D:/Asterisk%20Stuff/Apple%20Orchard%20Management%20Project/HimCart-Desktop/Services/EstimationEngine.cs",
                "region": {
                  "startLine": 29,
                  "startColumn": 36,
                  "endLine": 29,
                  "endColumn": 72
                }
              }
            }
          ],
          "relatedLocations": [
            {
              "physicalLocation": {
                "uri": "file:///D:/Asterisk%20Stuff/Apple%20Orchard%20Management%20Project/HimCart-Desktop/Services/EstimationEngine.cs",
                "region": {
                  "startLine": 30,
                  "startColumn": 19,
                  "endLine": 30,
                  "endColumn": 43
                }
              }
            }
          ],
          "properties": {
            "warningLevel": 1
          }
        },
        {
          "ruleId": "CA1816",
          "level": "note",
          "message": "Change YoloInferenceService.Dispose() to call GC.SuppressFinalize(object). This will prevent derived types that introduce a finalizer from needing to re-implement 'IDisposable' to call it.",
          "locations": [
            {
              "resultFile": {
                "uri": "file:///D:/Asterisk%20Stuff/Apple%20Orchard%20Management%20Project/HimCart-Desktop/Services/YoloInferenceService.cs",
                "region": {
                  "startLine": 171,
                  "startColumn": 21,
                  "endLine": 171,
                  "endColumn": 28
                }
              }
            }
          ],
          "properties": {
            "warningLevel": 1
          }
        },
        {
          "ruleId": "CA1822",
          "level": "note",
          "message": "Member 'CalculateIoU' does not access instance data and can be marked as static",
          "locations": [
            {
              "resultFile": {
                "uri": "file:///D:/Asterisk%20Stuff/Apple%20Orchard%20Management%20Project/HimCart-Desktop/Services/YoloInferenceService.cs",
                "region": {
                  "startLine": 164,
                  "startColumn": 23,
                  "endLine": 164,
                  "endColumn": 35
                }
              }
            }
          ],
          "properties": {
            "warningLevel": 1
          }
        },
        {
          "ruleId": "CA1822",
          "level": "note",
          "message": "Member 'ShowValidationError' does not access instance data and can be marked as static",
          "locations": [
            {
              "resultFile": {
                "uri": "file:///D:/Asterisk%20Stuff/Apple%20Orchard%20Management%20Project/HimCart-Desktop/View/CreateAccountDialog.xaml.cs",
                "region": {
                  "startLine": 172,
                  "startColumn": 22,
                  "endLine": 172,
                  "endColumn": 41
                }
              }
            }
          ],
          "properties": {
            "warningLevel": 1
          }
        },
        {
          "ruleId": "CA1822",
          "level": "note",
          "message": "Member 'IsValidEmail' does not access instance data and can be marked as static",
          "locations": [
            {
              "resultFile": {
                "uri": "file:///D:/Asterisk%20Stuff/Apple%20Orchard%20Management%20Project/HimCart-Desktop/View/CreateAccountDialog.xaml.cs",
                "region": {
                  "startLine": 194,
                  "startColumn": 22,
                  "endLine": 194,
                  "endColumn": 34
                }
              }
            }
          ],
          "properties": {
            "warningLevel": 1
          }
        },
        {
          "ruleId": "CA1822",
          "level": "note",
          "message": "Member 'HasStrongPassword' does not access instance data and can be marked as static",
          "locations": [
            {
              "resultFile": {
                "uri": "file:///D:/Asterisk%20Stuff/Apple%20Orchard%20Management%20Project/HimCart-Desktop/View/CreateAccountDialog.xaml.cs",
                "region": {
                  "startLine": 207,
                  "startColumn": 22,
                  "endLine": 207,
                  "endColumn": 39
                }
              }
            }
          ],
          "properties": {
            "warningLevel": 1
          }
        },
        {
          "ruleId": "CA1859",
          "level": "note",
          "message": "Change type of field '_authService' from 'HimCart_Desktop.Services.IAuthenticationService' to 'HimCart_Desktop.Services.FirebaseAuthService' for improved performance",
          "locations": [
            {
              "resultFile": {
                "uri": "file:///D:/Asterisk%20Stuff/Apple%20Orchard%20Management%20Project/HimCart-Desktop/View/CreateAccountDialog.xaml.cs",
                "region": {
                  "startLine": 11,
                  "startColumn": 49,
                  "endLine": 11,
                  "endColumn": 61
                }
              }
            }
          ],
          "properties": {
            "warningLevel": 1
          }
        },
        {
          "ruleId": "CA1822",
          "level": "note",
          "message": "Member 'GetRelativeTime' does not access instance data and can be marked as static",
          "locations": [
            {
              "resultFile": {
                "uri": "file:///D:/Asterisk%20Stuff/Apple%20Orchard%20Management%20Project/HimCart-Desktop/View/HomeView.xaml.cs",
                "region": {
                  "startLine": 181,
                  "startColumn": 24,
                  "endLine": 181,
                  "endColumn": 39
                }
              }
            }
          ],
          "properties": {
            "warningLevel": 1
          }
        },
        {
          "ruleId": "CA1869",
          "level": "note",
          "message": "Avoid creating a new 'JsonSerializerOptions' instance for every serialization operation. Cache and reuse instances instead.",
          "locations": [
            {
              "resultFile": {
                "uri": "file:///D:/Asterisk%20Stuff/Apple%20Orchard%20Management%20Project/HimCart-Desktop/Services/SettingsService.cs",
                "region": {
                  "startLine": 83,
                  "startColumn": 71,
                  "endLine": 83,
                  "endColumn": 121
                }
              }
            }
          ],
          "properties": {
            "warningLevel": 1
          }
        },
        {
          "ruleId": "CA1822",
          "level": "note",
          "message": "Member 'ShowError' does not access instance data and can be marked as static",
          "locations": [
            {
              "resultFile": {
                "uri": "file:///D:/Asterisk%20Stuff/Apple%20Orchard%20Management%20Project/HimCart-Desktop/View/MainLogin.xaml.cs",
                "region": {
                  "startLine": 220,
                  "startColumn": 22,
                  "endLine": 220,
                  "endColumn": 31
                }
              }
            }
          ],
          "properties": {
            "warningLevel": 1
          }
        },
        {
          "ruleId": "CA1822",
          "level": "note",
          "message": "Member 'IsValidEmail' does not access instance data and can be marked as static",
          "locations": [
            {
              "resultFile": {
                "uri": "file:///D:/Asterisk%20Stuff/Apple%20Orchard%20Management%20Project/HimCart-Desktop/View/MainLogin.xaml.cs",
                "region": {
                  "startLine": 241,
                  "startColumn": 22,
                  "endLine": 241,
                  "endColumn": 34
                }
              }
            }
          ],
          "properties": {
            "warningLevel": 1
          }
        },
        {
          "ruleId": "CA1859",
          "level": "note",
          "message": "Change type of field '_authService' from 'HimCart_Desktop.Services.IAuthenticationService' to 'HimCart_Desktop.Services.FirebaseAuthService' for improved performance",
          "locations": [
            {
              "resultFile": {
                "uri": "file:///D:/Asterisk%20Stuff/Apple%20Orchard%20Management%20Project/HimCart-Desktop/View/MainLogin.xaml.cs",
                "region": {
                  "startLine": 16,
                  "startColumn": 49,
                  "endLine": 16,
                  "endColumn": 61
                }
              }
            }
          ],
          "properties": {
            "warningLevel": 1
          }
        },
        {
          "ruleId": "CA1822",
          "level": "note",
          "message": "Member 'HandleNetworkLoss' does not access instance data and can be marked as static",
          "locations": [
            {
              "resultFile": {
                "uri": "file:///D:/Asterisk%20Stuff/Apple%20Orchard%20Management%20Project/HimCart-Desktop/View/DashboardView.xaml.cs",
                "region": {
                  "startLine": 75,
                  "startColumn": 28,
                  "endLine": 75,
                  "endColumn": 45
                }
              }
            }
          ],
          "properties": {
            "warningLevel": 1
          }
        },
        {
          "ruleId": "CA1816",
          "level": "note",
          "message": "Change VisionService.Dispose() to call GC.SuppressFinalize(object). This will prevent derived types that introduce a finalizer from needing to re-implement 'IDisposable' to call it.",
          "locations": [
            {
              "resultFile": {
                "uri": "file:///D:/Asterisk%20Stuff/Apple%20Orchard%20Management%20Project/HimCart-Desktop/Services/VisionService.cs",
                "region": {
                  "startLine": 305,
                  "startColumn": 21,
                  "endLine": 305,
                  "endColumn": 28
                }
              }
            }
          ],
          "properties": {
            "warningLevel": 1
          }
        },
        {
          "ruleId": "CA1825",
          "level": "note",
          "message": "Avoid unnecessary zero-length array allocations.  Use Array.Empty<byte>() instead.",
          "locations": [
            {
              "resultFile": {
                "uri": "file:///D:/Asterisk%20Stuff/Apple%20Orchard%20Management%20Project/HimCart-Desktop/View/NeuralLabView.xaml.cs",
                "region": {
                  "startLine": 453,
                  "startColumn": 91,
                  "endLine": 453,
                  "endColumn": 102
                }
              }
            }
          ],
          "properties": {
            "warningLevel": 1
          }
        },
        {
          "ruleId": "SYSLIB1045",
          "level": "note",
          "message": "Use 'GeneratedRegexAttribute' to generate the regular expression implementation at compile-time.",
          "locations": [
            {
              "resultFile": {
                "uri": "file:///D:/Asterisk%20Stuff/Apple%20Orchard%20Management%20Project/HimCart-Desktop/Services/VisionService.cs",
                "region": {
                  "startLine": 160,
                  "startColumn": 33,
                  "endLine": 160,
                  "endColumn": 161
                }
              }
            }
          ],
          "properties": {
            "warningLevel": 1
          }
        },
        {
          "ruleId": "CA1860",
          "level": "note",
          "message": "Prefer comparing 'Count' to 0 rather than using 'Any()', both for clarity and for performance",
          "locations": [
            {
              "resultFile": {
                "uri": "file:///D:/Asterisk%20Stuff/Apple%20Orchard%20Management%20Project/HimCart-Desktop/View/NeuralLabView.xaml.cs",
                "region": {
                  "startLine": 493,
                  "startColumn": 22,
                  "endLine": 493,
                  "endColumn": 33
                }
              }
            }
          ],
          "properties": {
            "warningLevel": 1,
            "customProperties": {
              "DiagnosticPropertyKey": "Count"
            }
          }
        },
        {
          "ruleId": "CA1822",
          "level": "note",
          "message": "Member 'GenerateSimulatedSpectral' does not access instance data and can be marked as static",
          "locations": [
            {
              "resultFile": {
                "uri": "file:///D:/Asterisk%20Stuff/Apple%20Orchard%20Management%20Project/HimCart-Desktop/Services/VisionService.cs",
                "region": {
                  "startLine": 380,
                  "startColumn": 30,
                  "endLine": 380,
                  "endColumn": 55
                }
              }
            }
          ],
          "properties": {
            "warningLevel": 1
          }
        },
        {
          "ruleId": "CA1822",
          "level": "note",
          "message": "Member 'IsAppleColor' does not access instance data and can be marked as static",
          "locations": [
            {
              "resultFile": {
                "uri": "file:///D:/Asterisk%20Stuff/Apple%20Orchard%20Management%20Project/HimCart-Desktop/Services/VisionService.cs",
                "region": {
                  "startLine": 200,
                  "startColumn": 22,
                  "endLine": 200,
                  "endColumn": 34
                }
              }
            }
          ],
          "properties": {
            "warningLevel": 1
          }
        },
        {
          "ruleId": "CA1822",
          "level": "note",
          "message": "Member 'RecoverMissingApples' does not access instance data and can be marked as static",
          "locations": [
            {
              "resultFile": {
                "uri": "file:///D:/Asterisk%20Stuff/Apple%20Orchard%20Management%20Project/HimCart-Desktop/Services/VisionService.cs",
                "region": {
                  "startLine": 234,
                  "startColumn": 34,
                  "endLine": 234,
                  "endColumn": 54
                }
              }
            }
          ],
          "properties": {
            "warningLevel": 1
          }
        },
        {
          "ruleId": "CA1822",
          "level": "note",
          "message": "Member 'GetDiagnosticPoints' does not access instance data and can be marked as static",
          "locations": [
            {
              "resultFile": {
                "uri": "file:///D:/Asterisk%20Stuff/Apple%20Orchard%20Management%20Project/HimCart-Desktop/Services/VisionService.cs",
                "region": {
                  "startLine": 367,
                  "startColumn": 29,
                  "endLine": 367,
                  "endColumn": 48
                }
              }
            }
          ],
          "properties": {
            "warningLevel": 1
          }
        },
        {
          "ruleId": "CA1822",
          "level": "note",
          "message": "Member 'AnnotateImage' does not access instance data and can be marked as static",
          "locations": [
            {
              "resultFile": {
                "uri": "file:///D:/Asterisk%20Stuff/Apple%20Orchard%20Management%20Project/HimCart-Desktop/Services/VisionService.cs",
                "region": {
                  "startLine": 281,
                  "startColumn": 24,
                  "endLine": 281,
                  "endColumn": 37
                }
              }
            }
          ],
          "properties": {
            "warningLevel": 1
          }
        },
        {
          "ruleId": "CA1822",
          "level": "note",
          "message": "Member 'RunVideoInferenceWithPython' does not access instance data and can be marked as static",
          "locations": [
            {
              "resultFile": {
                "uri": "file:///D:/Asterisk%20Stuff/Apple%20Orchard%20Management%20Project/HimCart-Desktop/Services/VisionService.cs",
                "region": {
                  "startLine": 128,
                  "startColumn": 53,
                  "endLine": 128,
                  "endColumn": 80
                }
              }
            }
          ],
          "properties": {
            "warningLevel": 1
          }
        },
        {
          "ruleId": "CA1822",
          "level": "note",
          "message": "Member 'ConvertBitmapToImageSource' does not access instance data and can be marked as static",
          "locations": [
            {
              "resultFile": {
                "uri": "file:///D:/Asterisk%20Stuff/Apple%20Orchard%20Management%20Project/HimCart-Desktop/View/NeuralLabView.xaml.cs",
                "region": {
                  "startLine": 571,
                  "startColumn": 30,
                  "endLine": 571,
                  "endColumn": 56
                }
              }
            }
          ],
          "properties": {
            "warningLevel": 1
          }
        }
      ],
      "rules": {
        "CA1816": {
          "id": "CA1816",
          "shortDescription": "Dispose methods should call SuppressFinalize",
          "fullDescription": "A method that is an implementation of Dispose does not call GC.SuppressFinalize; or a method that is not an implementation of Dispose calls GC.SuppressFinalize; or a method calls GC.SuppressFinalize and passes something other than this (Me in Visual Basic).",
          "defaultLevel": "note",
          "helpUri": "https://learn.microsoft.com/dotnet/fundamentals/code-analysis/quality-rules/ca1816",
          "properties": {
            "category": "Usage",
            "isEnabledByDefault": true,
            "tags": [
              "PortedFromFxCop",
              "Telemetry",
              "EnabledRuleInAggressiveMode"
            ]
          }
        },
        "CA1822": {
          "id": "CA1822",
          "shortDescription": "Mark members as static",
          "fullDescription": "Members that do not access instance data or call instance methods can be marked as static. After you mark the methods as static, the compiler will emit nonvirtual call sites to these members. This can give you a measurable performance gain for performance-sensitive code.",
          "defaultLevel": "note",
          "helpUri": "https://learn.microsoft.com/dotnet/fundamentals/code-analysis/quality-rules/ca1822",
          "properties": {
            "category": "Performance",
            "isEnabledByDefault": true,
            "tags": [
              "PortedFromFxCop",
              "Telemetry",
              "EnabledRuleInAggressiveMode"
            ]
          }
        },
        "CA1825": {
          "id": "CA1825",
          "shortDescription": "Avoid zero-length array allocations",
          "defaultLevel": "note",
          "helpUri": "https://learn.microsoft.com/dotnet/fundamentals/code-analysis/quality-rules/ca1825",
          "properties": {
            "category": "Performance",
            "isEnabledByDefault": true,
            "tags": [
              "Telemetry",
              "EnabledRuleInAggressiveMode"
            ]
          }
        },
        "CA1826": {
          "id": "CA1826",
          "shortDescription": "Do not use Enumerable methods on indexable collections",
          "fullDescription": "This collection is directly indexable. Going through LINQ here causes unnecessary allocations and CPU work.",
          "defaultLevel": "note",
          "helpUri": "https://learn.microsoft.com/dotnet/fundamentals/code-analysis/quality-rules/ca1826",
          "properties": {
            "category": "Performance",
            "isEnabledByDefault": true,
            "tags": [
              "Telemetry",
              "EnabledRuleInAggressiveMode"
            ]
          }
        },
        "CA1847": {
          "id": "CA1847",
          "shortDescription": "Use char literal for a single character lookup",
          "fullDescription": "'string.Contains(char)' is available as a better performing overload for single char lookup.",
          "defaultLevel": "note",
          "helpUri": "https://learn.microsoft.com/dotnet/fundamentals/code-analysis/quality-rules/ca1847",
          "properties": {
            "category": "Performance",
            "isEnabledByDefault": true,
            "tags": [
              "Telemetry",
              "EnabledRuleInAggressiveMode"
            ]
          }
        },
        "CA1854": {
          "id": "CA1854",
          "shortDescription": "Prefer the 'IDictionary.TryGetValue(TKey, out TValue)' method",
          "fullDescription": "Prefer a 'TryGetValue' call over a Dictionary indexer access guarded by a 'ContainsKey' check. 'ContainsKey' and the indexer both would lookup the key under the hood, so using 'TryGetValue' removes the extra lookup.",
          "defaultLevel": "note",
          "helpUri": "https://learn.microsoft.com/dotnet/fundamentals/code-analysis/quality-rules/ca1854",
          "properties": {
            "category": "Performance",
            "isEnabledByDefault": true,
            "tags": [
              "Telemetry",
              "EnabledRuleInAggressiveMode"
            ]
          }
        },
        "CA1859": {
          "id": "CA1859",
          "shortDescription": "Use concrete types when possible for improved performance",
          "fullDescription": "Using concrete types avoids virtual or interface call overhead and enables inlining.",
          "defaultLevel": "note",
          "helpUri": "https://learn.microsoft.com/dotnet/fundamentals/code-analysis/quality-rules/ca1859",
          "properties": {
            "category": "Performance",
            "isEnabledByDefault": true,
            "tags": [
              "Telemetry",
              "EnabledRuleInAggressiveMode"
            ]
          }
        },
        "CA1860": {
          "id": "CA1860",
          "shortDescription": "Avoid using 'Enumerable.Any()' extension method",
          "fullDescription": "Prefer using 'IsEmpty', 'Count' or 'Length' properties whichever available, rather than calling 'Enumerable.Any()'. The intent is clearer and it is more performant than using 'Enumerable.Any()' extension method.",
          "defaultLevel": "note",
          "helpUri": "https://learn.microsoft.com/dotnet/fundamentals/code-analysis/quality-rules/ca1860",
          "properties": {
            "category": "Performance",
            "isEnabledByDefault": true,
            "tags": [
              "Telemetry",
              "EnabledRuleInAggressiveMode"
            ]
          }
        },
        "CA1862": {
          "id": "CA1862",
          "shortDescription": "Use the 'StringComparison' method overloads to perform case-insensitive string comparisons",
          "fullDescription": "Avoid calling 'ToLower', 'ToUpper', 'ToLowerInvariant' and 'ToUpperInvariant' to perform case-insensitive string comparisons because they lead to an allocation. Instead, prefer calling the method overloads of 'Contains', 'IndexOf' and 'StartsWith' that take a 'StringComparison' enum value to perform case-insensitive comparisons. Switching to using an overload that takes a 'StringComparison' might cause subtle changes in behavior, so it's important to conduct thorough testing after applying the suggestion. Additionally, if a culturally sensitive comparison is not required, consider using 'StringComparison.OrdinalIgnoreCase'.",
          "defaultLevel": "note",
          "helpUri": "https://learn.microsoft.com/dotnet/fundamentals/code-analysis/quality-rules/ca1862",
          "properties": {
            "category": "Performance",
            "isEnabledByDefault": true,
            "tags": [
              "Telemetry",
              "EnabledRuleInAggressiveMode"
            ]
          }
        },
        "CA1869": {
          "id": "CA1869",
          "shortDescription": "Cache and reuse 'JsonSerializerOptions' instances",
          "fullDescription": "Avoid creating a new 'JsonSerializerOptions' instance for every serialization operation. Cache and reuse instances instead. Single use 'JsonSerializerOptions' instances can substantially degrade the performance of your application.",
          "defaultLevel": "note",
          "helpUri": "https://learn.microsoft.com/dotnet/fundamentals/code-analysis/quality-rules/ca1869",
          "properties": {
            "category": "Performance",
            "isEnabledByDefault": true,
            "tags": [
              "Telemetry",
              "EnabledRuleInAggressiveMode"
            ]
          }
        },
        "CS0618": {
          "id": "CS0618",
          "shortDescription": "Type or member is obsolete",
          "defaultLevel": "warning",
          "helpUri": "https://msdn.microsoft.com/query/roslyn.query?appId=roslyn&k=k(CS0618)",
          "properties": {
            "category": "Compiler",
            "isEnabledByDefault": true,
            "tags": [
              "Compiler",
              "Telemetry"
            ]
          }
        },
        "CS0649": {
          "id": "CS0649",
          "shortDescription": "Field is never assigned to, and will always have its default value",
          "defaultLevel": "warning",
          "helpUri": "https://msdn.microsoft.com/query/roslyn.query?appId=roslyn&k=k(CS0649)",
          "properties": {
            "category": "Compiler",
            "isEnabledByDefault": true,
            "tags": [
              "Compiler",
              "Telemetry"
            ]
          }
        },
        "CS1662": {
          "id": "CS1662",
          "defaultLevel": "error",
          "helpUri": "https://msdn.microsoft.com/query/roslyn.query?appId=roslyn&k=k(CS1662)",
          "properties": {
            "category": "Compiler",
            "isEnabledByDefault": true,
            "tags": [
              "Compiler",
              "Telemetry",
              "NotConfigurable"
            ]
          }
        },
        "CS1998": {
          "id": "CS1998",
          "shortDescription": "Async method lacks 'await' operators and will run synchronously",
          "defaultLevel": "warning",
          "helpUri": "https://msdn.microsoft.com/query/roslyn.query?appId=roslyn&k=k(CS1998)",
          "properties": {
            "category": "Compiler",
            "isEnabledByDefault": true,
            "tags": [
              "Compiler",
              "Telemetry"
            ]
          }
        },
        "CS4014": {
          "id": "CS4014",
          "shortDescription": "Because this call is not awaited, execution of the current method continues before the call is completed",
          "fullDescription": "The current method calls an async method that returns a Task or a Task<TResult> and doesn't apply the await operator to the result. The call to the async method starts an asynchronous task. However, because no await operator is applied, the program continues without waiting for the task to complete. In most cases, that behavior isn't what you expect. Usually other aspects of the calling method depend on the results of the call or, minimally, the called method is expected to complete before you return from the method that contains the call.\u000d\u000a\u000d\u000aAn equally important issue is what happens to exceptions that are raised in the called async method. An exception that's raised in a method that returns a Task or Task<TResult> is stored in the returned task. If you don't await the task or explicitly check for exceptions, the exception is lost. If you await the task, its exception is rethrown.\u000d\u000a\u000d\u000aAs a best practice, you should always await the call.\u000d\u000a\u000d\u000aYou should consider suppressing the warning only if you're sure that you don't want to wait for the asynchronous call to complete and that the called method won't raise any exceptions. In that case, you can suppress the warning by assigning the task result of the call to a variable.",
          "defaultLevel": "warning",
          "helpUri": "https://msdn.microsoft.com/query/roslyn.query?appId=roslyn&k=k(CS4014)",
          "properties": {
            "category": "Compiler",
            "isEnabledByDefault": true,
            "tags": [
              "Compiler",
              "Telemetry"
            ]
          }
        },
        "CS4034": {
          "id": "CS4034",
          "defaultLevel": "error",
          "helpUri": "https://msdn.microsoft.com/query/roslyn.query?appId=roslyn&k=k(CS4034)",
          "properties": {
            "category": "Compiler",
            "isEnabledByDefault": true,
            "tags": [
              "Compiler",
              "Telemetry",
              "NotConfigurable"
            ]
          }
        },
        "CS8030": {
          "id": "CS8030",
          "defaultLevel": "error",
          "helpUri": "https://msdn.microsoft.com/query/roslyn.query?appId=roslyn&k=k(CS8030)",
          "properties": {
            "category": "Compiler",
            "isEnabledByDefault": true,
            "tags": [
              "Compiler",
              "Telemetry",
              "NotConfigurable"
            ]
          }
        },
        "CS8130": {
          "id": "CS8130",
          "defaultLevel": "error",
          "helpUri": "https://msdn.microsoft.com/query/roslyn.query?appId=roslyn&k=k(CS8130)",
          "properties": {
            "category": "Compiler",
            "isEnabledByDefault": true,
            "tags": [
              "Compiler",
              "Telemetry",
              "NotConfigurable"
            ]
          }
        },
        "CS8135": {
          "id": "CS8135",
          "defaultLevel": "error",
          "helpUri": "https://msdn.microsoft.com/query/roslyn.query?appId=roslyn&k=k(CS8135)",
          "properties": {
            "category": "Compiler",
            "isEnabledByDefault": true,
            "tags": [
              "Compiler",
              "Telemetry",
              "NotConfigurable"
            ]
          }
        },
        "CS8600": {
          "id": "CS8600",
          "shortDescription": "Converting null literal or possible null value to non-nullable type.",
          "defaultLevel": "warning",
          "helpUri": "https://msdn.microsoft.com/query/roslyn.query?appId=roslyn&k=k(CS8600)",
          "properties": {
            "category": "Compiler",
            "isEnabledByDefault": true,
            "tags": [
              "Compiler",
              "Telemetry"
            ]
          }
        },
        "CS8602": {
          "id": "CS8602",
          "shortDescription": "Dereference of a possibly null reference.",
          "defaultLevel": "warning",
          "helpUri": "https://msdn.microsoft.com/query/roslyn.query?appId=roslyn&k=k(CS8602)",
          "properties": {
            "category": "Compiler",
            "isEnabledByDefault": true,
            "tags": [
              "Compiler",
              "Telemetry"
            ]
          }
        },
        "CS8618": {
          "id": "CS8618",
          "shortDescription": "Non-nullable field must contain a non-null value when exiting constructor. Consider adding the 'required' modifier or declaring as nullable.",
          "defaultLevel": "warning",
          "helpUri": "https://msdn.microsoft.com/query/roslyn.query?appId=roslyn&k=k(CS8618)",
          "properties": {
            "category": "Compiler",
            "isEnabledByDefault": true,
            "tags": [
              "Compiler",
              "Telemetry"
            ]
          }
        },
        "CS8620": {
          "id": "CS8620",
          "shortDescription": "Argument cannot be used for parameter due to differences in the nullability of reference types.",
          "defaultLevel": "warning",
          "helpUri": "https://msdn.microsoft.com/query/roslyn.query?appId=roslyn&k=k(CS8620)",
          "properties": {
            "category": "Compiler",
            "isEnabledByDefault": true,
            "tags": [
              "Compiler",
              "Telemetry"
            ]
          }
        },
        "SYSLIB1045": {
          "id": "SYSLIB1045",
          "shortDescription": "Convert to 'GeneratedRegexAttribute'.",
          "defaultLevel": "note",
          "helpUri": "https://learn.microsoft.com/dotnet/fundamentals/syslib-diagnostics/syslib1045",
          "properties": {
            "category": "Performance",
            "isEnabledByDefault": true
          }
        }
      }
    }
  ]
}